// Jest Snapshot v1, https://goo.gl/fbAQLP

exports[`movie pages Shows movfies 1`] = `""`;

exports[`movie pages Shows movies 1`] = `""`;
