// Jest Snapshot v1, https://goo.gl/fbAQLP

exports[`Time management service Shows users 1`] = `"<div>loading...</div>"`;
